
> build
> vite build && vite build --ssr

You are using Node.js 18.19.1. Vite requires Node.js version 20.19+ or 22.12+. Please upgrade your Node.js version.
vite v7.3.1 building client environment for production...
transforming...

/images/grid.svg referenced in /images/grid.svg didn't resolve at build time, it will remain unchanged to be resolved at runtime

/images/stripe.svg referenced in /images/stripe.svg didn't resolve at build time, it will remain unchanged to be resolved at runtime
[vite:css][postcss] @import must precede all other statements (besides @charset or empty @layer)
2  |  @tailwind components;
3  |  @tailwind utilities;
4  |  @import "@uppy/core/dist/style.css";
   |  ^^^^^^^^^^^^^^^^^^^^^^^^^^^^^^^^^^^^
5  |  @import "@uppy/dashboard/dist/style.css";
6  |  
[vite:css][postcss] @import must precede all other statements (besides @charset or empty @layer)
3  |  @tailwind utilities;
4  |  @import "@uppy/core/dist/style.css";
5  |  @import "@uppy/dashboard/dist/style.css";
   |  ^^^^^^^^^^^^^^^^^^^^^^^^^^^^^^^^^^^^^^^^^
6  |  
7  |  /* Custom Scrollbar for LumeAISupport */
✓ 3141 modules transformed.
✗ Build failed in 29.67s
error during build:
[vite:prepare-out-dir] EACCES: permission denied, unlink '/var/www/lumecore/public/build/assets/AssetView-CxOsX9bY.js'
    at unlinkSync (node:fs:1881:3)
    at _unlinkSync (node:internal/fs/rimraf:214:14)
    at rimrafSync (node:internal/fs/rimraf:195:7)
    at node:internal/fs/rimraf:253:9
    at Array.forEach (<anonymous>)
    at _rmdirSync (node:internal/fs/rimraf:250:7)
    at rimrafSync (node:internal/fs/rimraf:193:7)
    at Object.rmSync (node:fs:1271:10)
    at emptyDir (file:///var/www/lumecore/node_modules/vite/dist/node/chunks/config.js:2167:11)
    at prepareOutDir (file:///var/www/lumecore/node_modules/vite/dist/node/chunks/config.js:33325:55)
